  24        Failure/Error: expect(parsed.to_s(with_edition: true)).to eq(subject)
  20        Failure/Error: expect(parsed.to_s(with_edition: true)).to eq(normalized)
  16        Failure/Error: expect(parsed.to_s).to eq(subject)
  11        Failure/Error: expect(parsed.languages.map(&:code)).to eq(%w[fr])
  11        Failure/Error: expect(parsed.languages.map(&:code)).to eq(%w[en])
   8        Failure/Error: expect(parsed.stage_iteration.value).to eq("3")
   7       Failure/Error: expect(parsed.publisher.publisher).to eq("ISO")
   4        Failure/Error: expect(parsed.to_s).to eq(normalized)
   4        Failure/Error: expect(parsed.publisher).to be_nil
   3       Failure/Error: expect(parsed.languages.map(&:code)).to eq(%w[en])
   2       Failure/Error: expect(parsed.to_s).to eq(normalized)
   2       Failure/Error: expect(parsed.to_s(with_edition: true)).to eq(normalized)
   2        Failure/Error: expect(parsed.stage_iteration.value).to eq("2")
   2        Failure/Error: expect(parsed.copublishers.map(&:body)).to eq(%w[IEC IEEE])
   1       Failure/Error: expect(parsed.to_s(with_edition: true)).to eq(subject)
   1        Failure/Error: expect(parsed.to_s).to eq(pubid)
   1        Failure/Error: expect(parsed.part.value).to eq("4")
   1        Failure/Error: expect(parsed.part.value).to eq("3")
   1        Failure/Error: expect(parsed.number.value).to eq("2")
   1        Failure/Error: expect(parsed.languages.map(&:code)).to eq(%w[en fr])
   1        Failure/Error: expect(parsed.languages.map(&:code)).to eq(%w[en fr ru])
   1        Failure/Error: expect(parsed.base_identifier.base_identifier.edition.number.value).to eq("5")
   1        Failure/Error: expect(parsed.base_identifier.base_identifier.edition.number.value).to eq("1")
